// Vitest Snapshot v1, https://vitest.dev/guide/snapshot.html

exports[`Sidebar.vue > should render without errors with default props 1`] = `
"<!-- Menu lateral -->
<div class="sidebar">
  <div class="logo"><img src="/src/assets/logo/tecsus.png" class="logo_img" style=""></div>
  <nav class="links">
    <router-link-stub to="/"></router-link-stub>
    <router-link-stub to="/reports"></router-link-stub>
    <router-link-stub to="/alerts"></router-link-stub>
    <router-link-stub to="/importar-dados"></router-link-stub>
  </nav>
</div>"
`;
